<?xml version="1.0" encoding="utf-8"?><testsuites><testsuite name="pytest" errors="0" failures="0" skipped="0" tests="3" time="0.223" timestamp="2022-11-03T14:00:43.784774" hostname="kllif-UX310UQK"><testcase classname="tests.test_autoscaling_metric.TestBacklogPerInstanceMetric" name="test_2_worker__queue_50" time="0.001" /><testcase classname="tests.test_autoscaling_metric.TestBacklogPerInstanceMetric" name="test_no_worker__queue_empty" time="0.001" /><testcase classname="tests.test_autoscaling_metric.TestBacklogPerInstanceMetric" name="test_no_worker_full_queue" time="0.001" /></testsuite></testsuites>