<?xml version="1.0" encoding="utf-8"?><testsuites><testsuite name="pytest" errors="0" failures="0" skipped="0" tests="0" time="0.007" timestamp="2022-11-03T13:54:24.786098" hostname="kllif-UX310UQK" /></testsuites>